2026-09-14 22:08:29.216 [INF] [区服:declaration-recovery-probe] [角色:网关服务] MapServer 地图 Actor 已启动。 命令队列容量=4096, Tick频率=20
2026-09-14 22:08:29.225 [INF] [区服:declaration-recovery-probe] [角色:网关服务] MapServer 内部 TCP 实时通道未启用。
2026-09-14 22:08:29.275 [INF] [区服:declaration-recovery-probe] [角色:网关服务] Now listening on: http://127.0.0.1:54164
2026-09-14 22:08:29.275 [INF] [区服:declaration-recovery-probe] [角色:网关服务] Application started. Press Ctrl+C to shut down.
2026-09-14 22:08:29.275 [INF] [区服:declaration-recovery-probe] [角色:网关服务] Hosting environment: Production
2026-09-14 22:08:29.275 [INF] [区服:declaration-recovery-probe] [角色:网关服务] Content root path: C:\Users\31665\AppData\Local\Temp\NNGame-declaration-repair-x64-20260914\bin\NNGame.Server.Launcher\debug
2026-09-14 22:08:29.293 [INF] [区服:declaration-recovery-probe] [角色:网关服务] Gateway 实时监听已启动。 主机=127.0.0.1, 实时端口=54167
2026-09-14 22:08:32.576 [INF] [区服:declaration-recovery-probe] [角色:网关服务] 脚本日志。运行时快照已替换。脚本数=74, 绑定数=65, 配置版本=0.1.0
2026-09-14 22:08:32.577 [INF] [区服:declaration-recovery-probe] [角色:网关服务] 服务端数据重载基线已建立。 区服=declaration-recovery-probe, 服务角色=Gateway, 配置文件数=244, 脚本文件数=78
2026-09-14 22:08:32.608 [INF] [区服:declaration-recovery-probe] [角色:网关服务] 背包 SQLite 表结构已初始化。 数据库路径=C:\Users\31665\AppData\Local\Temp/NNGame-declaration-startup-20260914/nngame.db
2026-09-14 22:08:32.613 [INF] [区服:declaration-recovery-probe] [角色:网关服务] 持久化物品实例模式归一化完成。 区服=declaration-recovery-probe, 更新实例数=0, 更新角色数=0
2026-09-14 22:08:32.614 [INF] [区服:declaration-recovery-probe] [角色:网关服务] Gateway TCP 业务监听已启动。 TCP主机=127.0.0.1, TCP端口=54165, TCP安全模式="LocalPlaintext"
2026-09-14 22:08:32.859 [INF] [区服:declaration-recovery-probe] [角色:网关服务] 服务端 UI 运行时预热完成。固定界面数=19, 内容布局数=14, 服务端模板数=14, 脚本引用数=3, 脚本成功数=3, 脚本失败数=0, 耗时毫秒=244.396
2026-09-14 22:08:32.859 [INF] [区服:declaration-recovery-probe] [角色:网关服务] 服务进程已启动。 区服=declaration-recovery-probe, 服务角色=Gateway, 健康端口=54164
2026-09-14 22:08:32.926 [INF] [区服:declaration-recovery-probe] [角色:网关服务] Request starting HTTP/1.1 POST http://127.0.0.1:54164/shutdown - application/x-www-form-urlencoded 0
2026-09-14 22:08:32.926 [INF] [区服:declaration-recovery-probe] [角色:网关服务] Executing endpoint 'HTTP: POST /shutdown'
2026-09-14 22:08:32.929 [INF] [区服:declaration-recovery-probe] [角色:网关服务] Writing value of type 'ServerShutdownResponse' as Json.
2026-09-14 22:08:32.931 [INF] [区服:declaration-recovery-probe] [角色:网关服务] Executed endpoint 'HTTP: POST /shutdown'
2026-09-14 22:08:32.931 [INF] [区服:declaration-recovery-probe] [角色:网关服务] Request finished HTTP/1.1 POST http://127.0.0.1:54164/shutdown - 200 null application/json; charset=utf-8 4.4772ms
2026-09-14 22:08:33.028 [INF] [区服:declaration-recovery-probe] [角色:网关服务] Application is shutting down...
2026-09-14 22:08:33.159 [INF] [区服:declaration-recovery-probe] [角色:网关服务] Gateway 实时监听已停止。
2026-09-14 22:08:33.161 [INF] [区服:declaration-recovery-probe] [角色:网关服务] Gateway TCP 业务监听已停止。
2026-09-14 22:08:33.162 [INF] [区服:declaration-recovery-probe] [角色:网关服务] Gateway TCP 正在等待活动连接完成退出保存。 活动连接=0
2026-09-14 22:08:33.162 [INF] [区服:declaration-recovery-probe] [角色:网关服务] Gateway TCP 活动连接排空已完成。 等待连接=0
2026-09-14 22:08:33.179 [INF] [区服:declaration-recovery-probe] [角色:网关服务] MapServer 地图 Actor 已停止。
2026-09-14 22:08:33.183 [WRN] [区服:declaration-recovery-probe] [角色:网关服务] Chat 脚本消息订阅失败，断开期间的消息不会重放。
Grpc.Core.RpcException: Status(StatusCode="Cancelled", Detail="Call canceled by the client.", DebugException="System.OperationCanceledException: The operation was canceled.")
 ---> System.OperationCanceledException: The operation was canceled.
   --- End of inner exception stack trace ---
   at Grpc.Net.Client.Internal.HttpContentClientStreamReader`2.MoveNextCore(CancellationToken cancellationToken)
   at NNGame.Server.Shared.GatewayChatClient.SubscribeScriptMessagesAsync(Func`3 deliverMessageAsync, CancellationToken cancellationToken) in H:\project\NNGame\src\Server\NNGame.Server.Shared\GatewayChatClient.cs:line 153
   at NNGame.Server.Shared.GatewayScriptMessageSubscriptionHostedService.ExecuteAsync(CancellationToken stoppingToken) in H:\project\NNGame\src\Server\NNGame.Server.Shared\ServerScriptSystemMessageBroadcaster.cs:line 252
2026-09-14 22:08:33.185 [INF] [区服:declaration-recovery-probe] [角色:网关服务] 服务进程正在停止。
2026-09-14 22:08:33.185 [INF] [区服:declaration-recovery-probe] [角色:网关服务] 服务进程已停止。
2026-09-14 22:09:06.309 [INF] [区服:declaration-recovery-probe] [角色:网关服务] MapServer 地图 Actor 已启动。 命令队列容量=4096, Tick频率=20
2026-09-14 22:09:06.318 [INF] [区服:declaration-recovery-probe] [角色:网关服务] MapServer 内部 TCP 实时通道未启用。
2026-09-14 22:09:06.324 [INF] [区服:declaration-recovery-probe] [角色:网关服务] Gateway 实时监听已启动。 主机=127.0.0.1, 实时端口=54355
2026-09-14 22:09:06.334 [INF] [区服:declaration-recovery-probe] [角色:网关服务] Now listening on: http://127.0.0.1:54352
2026-09-14 22:09:06.334 [INF] [区服:declaration-recovery-probe] [角色:网关服务] Application started. Press Ctrl+C to shut down.
2026-09-14 22:09:06.334 [INF] [区服:declaration-recovery-probe] [角色:网关服务] Hosting environment: Production
2026-09-14 22:09:06.334 [INF] [区服:declaration-recovery-probe] [角色:网关服务] Content root path: C:\Users\31665\AppData\Local\Temp\NNGame-declaration-repair-x64-20260914\bin\NNGame.Server.Launcher\debug
2026-09-14 22:09:09.412 [INF] [区服:declaration-recovery-probe] [角色:网关服务] 脚本日志。运行时快照已替换。脚本数=74, 绑定数=65, 配置版本=0.1.0
2026-09-14 22:09:09.412 [INF] [区服:declaration-recovery-probe] [角色:网关服务] 服务端数据重载基线已建立。 区服=declaration-recovery-probe, 服务角色=Gateway, 配置文件数=244, 脚本文件数=78
2026-09-14 22:09:09.446 [INF] [区服:declaration-recovery-probe] [角色:网关服务] 背包 SQLite 表结构已初始化。 数据库路径=C:\Users\31665\AppData\Local\Temp/NNGame-declaration-startup-20260914/nngame.db
2026-09-14 22:09:09.450 [INF] [区服:declaration-recovery-probe] [角色:网关服务] 持久化物品实例模式归一化完成。 区服=declaration-recovery-probe, 更新实例数=0, 更新角色数=0
2026-09-14 22:09:09.451 [INF] [区服:declaration-recovery-probe] [角色:网关服务] Gateway TCP 业务监听已启动。 TCP主机=127.0.0.1, TCP端口=54353, TCP安全模式="LocalPlaintext"
2026-09-14 22:09:09.626 [INF] [区服:declaration-recovery-probe] [角色:网关服务] 服务端 UI 运行时预热完成。固定界面数=19, 内容布局数=14, 服务端模板数=14, 脚本引用数=3, 脚本成功数=3, 脚本失败数=0, 耗时毫秒=174.141
2026-09-14 22:09:09.626 [INF] [区服:declaration-recovery-probe] [角色:网关服务] 服务进程已启动。 区服=declaration-recovery-probe, 服务角色=Gateway, 健康端口=54352
2026-09-14 22:09:09.777 [INF] [区服:declaration-recovery-probe] [角色:网关服务] Request starting HTTP/1.1 POST http://127.0.0.1:54352/reload-data - application/json 17
2026-09-14 22:09:09.778 [INF] [区服:declaration-recovery-probe] [角色:网关服务] Executing endpoint 'HTTP: POST /reload-data'
2026-09-14 22:09:11.619 [INF] [区服:declaration-recovery-probe] [角色:网关服务] 脚本重载准备完成：区服=declaration-recovery-probe，服务=Gateway，版本=config-79bff86ba5db9b2a，读取=754.178毫秒，校验=1044.2928毫秒，指令生成=13.9263毫秒，脚本数=78，脚本字节数=79767，解析次数=81。
2026-09-14 22:09:11.620 [INF] [区服:declaration-recovery-probe] [角色:网关服务] 脚本日志。热重载检查完成。脚本数=74, 绑定数=65, 配置版本=config-79bff86ba5db9b2a
2026-09-14 22:09:14.563 [INF] [区服:declaration-recovery-probe] [角色:网关服务] 声明更新参与方：事务 bfbb610807214f78b1f4357a5211d9b9，角色 "Gateway"，请求阶段 "Stage"。
2026-09-14 22:09:14.565 [INF] [区服:declaration-recovery-probe] [角色:网关服务] 脚本日志。运行时快照已替换。脚本数=74, 绑定数=65, 配置版本=config-79bff86ba5db9b2a
2026-09-14 22:09:14.687 [INF] [区服:declaration-recovery-probe] [角色:网关服务] 声明更新参与方：事务 bfbb610807214f78b1f4357a5211d9b9，角色 "Gateway"，请求阶段 "Commit"。
2026-09-14 22:09:14.699 [INF] [区服:declaration-recovery-probe] [角色:网关服务] Writing value of type 'ServerDataReloadResponse' as Json.
2026-09-14 22:09:14.701 [INF] [区服:declaration-recovery-probe] [角色:网关服务] Executed endpoint 'HTTP: POST /reload-data'
2026-09-14 22:09:14.701 [INF] [区服:declaration-recovery-probe] [角色:网关服务] Request finished HTTP/1.1 POST http://127.0.0.1:54352/reload-data - 200 null application/json; charset=utf-8 4923.9672ms
2026-09-14 22:09:14.711 [INF] [区服:declaration-recovery-probe] [角色:网关服务] Request starting HTTP/1.1 POST http://127.0.0.1:54352/reload-data - application/json 20
2026-09-14 22:09:14.711 [INF] [区服:declaration-recovery-probe] [角色:网关服务] Executing endpoint 'HTTP: POST /reload-data'
2026-09-14 22:09:16.392 [INF] [区服:declaration-recovery-probe] [角色:网关服务] 脚本重载准备完成：区服=declaration-recovery-probe，服务=Gateway，版本=config-79bff86ba5db9b2a，读取=723.2302毫秒，校验=944.7055毫秒，指令生成=10.7541毫秒，脚本数=78，脚本字节数=79767，解析次数=81。
2026-09-14 22:09:16.392 [INF] [区服:declaration-recovery-probe] [角色:网关服务] 脚本日志。热重载检查完成。脚本数=74, 绑定数=65, 配置版本=config-79bff86ba5db9b2a
2026-09-14 22:09:18.509 [INF] [区服:declaration-recovery-probe] [角色:网关服务] 声明更新参与方：事务 924d34652daf40858b93b3dff4f48aac，角色 "Gateway"，请求阶段 "Stage"。
2026-09-14 22:09:18.510 [INF] [区服:declaration-recovery-probe] [角色:网关服务] 脚本日志。运行时快照已替换。脚本数=74, 绑定数=65, 配置版本=config-79bff86ba5db9b2a
2026-09-14 22:09:18.514 [INF] [区服:declaration-recovery-probe] [角色:网关服务] 声明更新参与方：事务 924d34652daf40858b93b3dff4f48aac，角色 "Gateway"，请求阶段 "Commit"。
2026-09-14 22:09:18.515 [INF] [区服:declaration-recovery-probe] [角色:网关服务] Writing value of type 'ServerDataReloadResponse' as Json.
2026-09-14 22:09:18.515 [INF] [区服:declaration-recovery-probe] [角色:网关服务] Executed endpoint 'HTTP: POST /reload-data'
2026-09-14 22:09:18.515 [INF] [区服:declaration-recovery-probe] [角色:网关服务] Request finished HTTP/1.1 POST http://127.0.0.1:54352/reload-data - 200 null application/json; charset=utf-8 3804.0994ms
2026-09-14 22:09:18.517 [INF] [区服:declaration-recovery-probe] [角色:网关服务] Request starting HTTP/1.1 POST http://127.0.0.1:54352/reload-data - application/json 16
2026-09-14 22:09:18.517 [INF] [区服:declaration-recovery-probe] [角色:网关服务] Executing endpoint 'HTTP: POST /reload-data'
2026-09-14 22:09:20.098 [INF] [区服:declaration-recovery-probe] [角色:网关服务] 脚本重载准备完成：区服=declaration-recovery-probe，服务=Gateway，版本=config-79bff86ba5db9b2a，读取=650.1902毫秒，校验=922.7389毫秒，指令生成=6.8591毫秒，脚本数=78，脚本字节数=79767，解析次数=81。
2026-09-14 22:09:20.098 [INF] [区服:declaration-recovery-probe] [角色:网关服务] 脚本日志。热重载检查完成。脚本数=74, 绑定数=65, 配置版本=config-79bff86ba5db9b2a
2026-09-14 22:09:29.817 [INF] [区服:declaration-recovery-probe] [角色:网关服务] 声明更新参与方：事务 7177f2e4d7c34a96818ab9e3c8f5c897，角色 "Gateway"，请求阶段 "Stage"。
2026-09-14 22:09:29.818 [INF] [区服:declaration-recovery-probe] [角色:网关服务] 脚本日志。运行时快照已替换。脚本数=74, 绑定数=65, 配置版本=config-79bff86ba5db9b2a
2026-09-14 22:09:29.818 [INF] [区服:declaration-recovery-probe] [角色:网关服务] 运行时地图配置快照已替换。 地图数=8
2026-09-14 22:09:29.819 [INF] [区服:declaration-recovery-probe] [角色:网关服务] 运行时地图配置快照已替换。 地图数=8
2026-09-14 22:09:30.337 [INF] [区服:declaration-recovery-probe] [角色:网关服务] MapServer 已重建地图刷怪运行时怪物。 地图=1, 怪物数=2
2026-09-14 22:09:30.338 [INF] [区服:declaration-recovery-probe] [角色:网关服务] MapServer 地图实例已创建。 地图=1, 列数=700, 行数=700
2026-09-14 22:09:30.361 [INF] [区服:declaration-recovery-probe] [角色:网关服务] MapServer 已重建地图刷怪运行时怪物。 地图=2, 怪物数=0
2026-09-14 22:09:30.361 [INF] [区服:declaration-recovery-probe] [角色:网关服务] MapServer 地图实例已创建。 地图=2, 列数=150, 行数=150
2026-09-14 22:09:30.362 [INF] [区服:declaration-recovery-probe] [角色:网关服务] MapServer 已重建地图刷怪运行时怪物。 地图=3, 怪物数=0
2026-09-14 22:09:30.362 [INF] [区服:declaration-recovery-probe] [角色:网关服务] MapServer 地图实例已创建。 地图=3, 列数=50, 行数=50
2026-09-14 22:09:30.884 [INF] [区服:declaration-recovery-probe] [角色:网关服务] MapServer 已重建地图刷怪运行时怪物。 地图=4, 怪物数=0
2026-09-14 22:09:30.884 [INF] [区服:declaration-recovery-probe] [角色:网关服务] MapServer 地图实例已创建。 地图=4, 列数=600, 行数=600
2026-09-14 22:09:31.362 [INF] [区服:declaration-recovery-probe] [角色:网关服务] MapServer 已重建地图刷怪运行时怪物。 地图=5, 怪物数=0
2026-09-14 22:09:31.362 [INF] [区服:declaration-recovery-probe] [角色:网关服务] MapServer 地图实例已创建。 地图=5, 列数=600, 行数=600
2026-09-14 22:09:31.459 [INF] [区服:declaration-recovery-probe] [角色:网关服务] MapServer 已重建地图刷怪运行时怪物。 地图=6, 怪物数=0
2026-09-14 22:09:31.459 [INF] [区服:declaration-recovery-probe] [角色:网关服务] MapServer 地图实例已创建。 地图=6, 列数=300, 行数=300
2026-09-14 22:09:31.487 [INF] [区服:declaration-recovery-probe] [角色:网关服务] MapServer 已重建地图刷怪运行时怪物。 地图=7, 怪物数=0
2026-09-14 22:09:31.487 [INF] [区服:declaration-recovery-probe] [角色:网关服务] MapServer 地图实例已创建。 地图=7, 列数=150, 行数=150
2026-09-14 22:09:31.583 [INF] [区服:declaration-recovery-probe] [角色:网关服务] MapServer 已重建地图刷怪运行时怪物。 地图=8, 怪物数=0
2026-09-14 22:09:31.583 [INF] [区服:declaration-recovery-probe] [角色:网关服务] MapServer 地图实例已创建。 地图=8, 列数=200, 行数=200
2026-09-14 22:09:31.593 [INF] [区服:declaration-recovery-probe] [角色:网关服务] 声明更新参与方：事务 7177f2e4d7c34a96818ab9e3c8f5c897，角色 "Gateway"，请求阶段 "Commit"。
2026-09-14 22:09:31.593 [INF] [区服:declaration-recovery-probe] [角色:网关服务] Writing value of type 'ServerDataReloadResponse' as Json.
2026-09-14 22:09:31.593 [INF] [区服:declaration-recovery-probe] [角色:网关服务] Executed endpoint 'HTTP: POST /reload-data'
2026-09-14 22:09:31.593 [INF] [区服:declaration-recovery-probe] [角色:网关服务] Request finished HTTP/1.1 POST http://127.0.0.1:54352/reload-data - 200 null application/json; charset=utf-8 13076.7948ms
2026-09-14 22:09:31.595 [INF] [区服:declaration-recovery-probe] [角色:网关服务] Request starting HTTP/1.1 POST http://127.0.0.1:54352/reload-data - application/json 19
2026-09-14 22:09:31.595 [INF] [区服:declaration-recovery-probe] [角色:网关服务] Executing endpoint 'HTTP: POST /reload-data'
2026-09-14 22:09:33.112 [INF] [区服:declaration-recovery-probe] [角色:网关服务] 脚本重载准备完成：区服=declaration-recovery-probe，服务=Gateway，版本=config-79bff86ba5db9b2a，读取=641.1919毫秒，校验=865.3031毫秒，指令生成=9.5771毫秒，脚本数=78，脚本字节数=79767，解析次数=81。
2026-09-14 22:09:33.112 [INF] [区服:declaration-recovery-probe] [角色:网关服务] 脚本日志。热重载检查完成。脚本数=74, 绑定数=65, 配置版本=config-79bff86ba5db9b2a
2026-09-14 22:09:35.551 [INF] [区服:declaration-recovery-probe] [角色:网关服务] 声明更新参与方：事务 c33f2b2adaa845d48a982397e767a5c2，角色 "Gateway"，请求阶段 "Stage"。
2026-09-14 22:09:35.552 [INF] [区服:declaration-recovery-probe] [角色:网关服务] 脚本日志。运行时快照已替换。脚本数=74, 绑定数=65, 配置版本=config-79bff86ba5db9b2a
2026-09-14 22:09:35.554 [INF] [区服:declaration-recovery-probe] [角色:网关服务] 运行时 GM 权限快照已替换。 授权角色数=1
2026-09-14 22:09:35.554 [INF] [区服:declaration-recovery-probe] [角色:网关服务] 运行时 GM 命令权限表快照已替换。 命令数=61
2026-09-14 22:09:35.555 [INF] [区服:declaration-recovery-probe] [角色:网关服务] 运行时内容 UI 服务端模板快照已替换。 模板数=14
2026-09-14 22:09:35.555 [INF] [区服:declaration-recovery-probe] [角色:网关服务] 运行时全局配置快照已替换。
2026-09-14 22:09:35.556 [INF] [区服:declaration-recovery-probe] [角色:网关服务] 运行时职业配置快照已替换。 职业数=3
2026-09-14 22:09:35.556 [INF] [区服:declaration-recovery-probe] [角色:网关服务] 运行时技能配置快照已替换。 技能数=11
2026-09-14 22:09:35.559 [INF] [区服:declaration-recovery-probe] [角色:网关服务] 运行时全局配置快照已替换。
2026-09-14 22:09:35.559 [INF] [区服:declaration-recovery-probe] [角色:网关服务] 运行时职业配置快照已替换。 职业数=3
2026-09-14 22:09:35.559 [INF] [区服:declaration-recovery-probe] [角色:网关服务] 运行时技能配置快照已替换。 技能数=11
2026-09-14 22:09:35.724 [INF] [区服:declaration-recovery-probe] [角色:网关服务] 声明更新参与方：事务 c33f2b2adaa845d48a982397e767a5c2，角色 "Gateway"，请求阶段 "Commit"。
2026-09-14 22:09:35.725 [INF] [区服:declaration-recovery-probe] [角色:网关服务] Writing value of type 'ServerDataReloadResponse' as Json.
2026-09-14 22:09:35.725 [INF] [区服:declaration-recovery-probe] [角色:网关服务] Executed endpoint 'HTTP: POST /reload-data'
2026-09-14 22:09:35.725 [INF] [区服:declaration-recovery-probe] [角色:网关服务] Request finished HTTP/1.1 POST http://127.0.0.1:54352/reload-data - 200 null application/json; charset=utf-8 4130.3079ms
2026-09-14 22:09:35.773 [WRN] [区服:declaration-recovery-probe] [角色:网关服务] Gateway 调用 World gRPC 失败。 World gRPC地址="http://127.0.0.1:54342/"
Grpc.Core.RpcException: Status(StatusCode="Unavailable", Detail="Error starting gRPC call. HttpRequestException: An error occurred while sending the request. IOException: The request was aborted. IOException: Unable to read data from the transport connection: 远程主机强迫关闭了一个现有的连接。. SocketException: 远程主机强迫关闭了一个现有的连接。", DebugException="System.Net.Http.HttpRequestException: An error occurred while sending the request.")
 ---> System.Net.Http.HttpRequestException: An error occurred while sending the request.
 ---> System.IO.IOException: The request was aborted.
 ---> System.IO.IOException: Unable to read data from the transport connection: 远程主机强迫关闭了一个现有的连接。.
 ---> System.Net.Sockets.SocketException (10054): 远程主机强迫关闭了一个现有的连接。
   --- End of inner exception stack trace ---
   at System.Net.Sockets.Socket.AwaitableSocketAsyncEventArgs.ThrowException(SocketError error, CancellationToken cancellationToken)
   at System.Net.Sockets.Socket.AwaitableSocketAsyncEventArgs.System.Threading.Tasks.Sources.IValueTaskSource<System.Int32>.GetResult(Int16 token)
   at Grpc.Net.Client.Balancer.Internal.StreamWrapper.ReadAsync(Memory`1 buffer, CancellationToken cancellationToken)
   at System.Net.Http.Http2Connection.ProcessIncomingFramesAsync()
   --- End of inner exception stack trace ---
   at System.Net.Http.Http2Connection.ThrowRequestAborted(Exception innerException)
   at System.Net.Http.Http2Connection.Http2Stream.TryEnsureHeaders()
   at System.Net.Http.Http2Connection.Http2Stream.ReadResponseHeadersAsync(CancellationToken cancellationToken)
   at System.Runtime.CompilerServices.AsyncTaskMethodBuilder`1.AsyncStateMachineBox`1.ExecutionContextCallback(Object s)
   at System.Threading.ExecutionContext.RunFromThreadPoolDispatchLoop(Thread threadPoolThread, ExecutionContext executionContext, ContextCallback callback, Object state)
   at System.Runtime.CompilerServices.AsyncTaskMethodBuilder`1.AsyncStateMachineBox`1.MoveNext(Thread threadPoolThread)
   at System.Runtime.CompilerServices.AsyncTaskMethodBuilder`1.AsyncStateMachineBox`1.ExecuteFromThreadPool(Thread threadPoolThread)
   at System.Threading.ThreadPoolWorkQueue.Dispatch()
   at System.Threading.PortableThreadPool.WorkerThread.WorkerThreadStart()
   at System.Threading.Thread.StartCallback()
--- End of stack trace from previous location ---
   at System.Net.Http.Http2Connection.ThrowRequestAborted(Exception innerException)
   at System.Net.Http.Http2Connection.Http2Stream.TryEnsureHeaders()
   at System.Net.Http.Http2Connection.Http2Stream.ReadResponseHeadersAsync(CancellationToken cancellationToken)
   at System.Net.Http.Http2Connection.SendAsync(HttpRequestMessage request, Boolean async, CancellationToken cancellationToken)
   --- End of inner exception stack trace ---
   at System.Net.Http.Http2Connection.SendAsync(HttpRequestMessage request, Boolean async, CancellationToken cancellationToken)
   at System.Net.Http.HttpConnectionPool.SendWithVersionDetectionAndRetryAsync(HttpRequestMessage request, Boolean async, Boolean doRequestAuth, CancellationToken cancellationToken)
   at System.Net.Http.RedirectHandler.SendAsync(HttpRequestMessage request, Boolean async, CancellationToken cancellationToken)
   at System.Net.Http.SocketsHttpHandler.<SendAsync>g__CreateHandlerAndSendAsync|115_0(HttpRequestMessage request, CancellationToken cancellationToken)
   at Grpc.Net.Client.Balancer.Internal.BalancerHttpHandler.SendAsync(HttpRequestMessage request, CancellationToken cancellationToken)
   at Grpc.Net.Client.Internal.GrpcCall`2.RunCall(HttpRequestMessage request, Nullable`1 timeout)
   --- End of inner exception stack trace ---
   at NNGame.Server.Shared.GatewayWorldClient.GetPendingTeleportNotificationAsync(CancellationToken cancellationToken) in H:\project\NNGame\src\Server\NNGame.Server.Shared\GatewayWorldClient.cs:line 390
2026-09-14 22:09:35.797 [WRN] [区服:declaration-recovery-probe] [角色:网关服务] Chat 脚本消息订阅失败，断开期间的消息不会重放。
Grpc.Core.RpcException: Status(StatusCode="Unavailable", Detail="Error starting gRPC call. HttpRequestException: An error occurred while sending the request. IOException: The request was aborted. IOException: Unable to read data from the transport connection: 远程主机强迫关闭了一个现有的连接。. SocketException: 远程主机强迫关闭了一个现有的连接。", DebugException="System.Net.Http.HttpRequestException: An error occurred while sending the request.")
 ---> System.Net.Http.HttpRequestException: An error occurred while sending the request.
 ---> System.IO.IOException: The request was aborted.
 ---> System.IO.IOException: Unable to read data from the transport connection: 远程主机强迫关闭了一个现有的连接。.
 ---> System.Net.Sockets.SocketException (10054): 远程主机强迫关闭了一个现有的连接。
   --- End of inner exception stack trace ---
   at System.Net.Sockets.Socket.AwaitableSocketAsyncEventArgs.ThrowException(SocketError error, CancellationToken cancellationToken)
   at System.Net.Sockets.Socket.AwaitableSocketAsyncEventArgs.System.Threading.Tasks.Sources.IValueTaskSource<System.Int32>.GetResult(Int16 token)
   at Grpc.Net.Client.Balancer.Internal.StreamWrapper.ReadAsync(Memory`1 buffer, CancellationToken cancellationToken)
   at System.Net.Http.Http2Connection.ProcessIncomingFramesAsync()
   --- End of inner exception stack trace ---
   at System.Net.Http.Http2Connection.ThrowRequestAborted(Exception innerException)
   at System.Net.Http.Http2Connection.Http2Stream.TryEnsureHeaders()
   at System.Net.Http.Http2Connection.Http2Stream.ReadResponseHeadersAsync(CancellationToken cancellationToken)
   at System.Runtime.CompilerServices.AsyncTaskMethodBuilder`1.AsyncStateMachineBox`1.ExecutionContextCallback(Object s)
   at System.Threading.ExecutionContext.RunFromThreadPoolDispatchLoop(Thread threadPoolThread, ExecutionContext executionContext, ContextCallback callback, Object state)
   at System.Runtime.CompilerServices.AsyncTaskMethodBuilder`1.AsyncStateMachineBox`1.MoveNext(Thread threadPoolThread)
   at System.Runtime.CompilerServices.AsyncTaskMethodBuilder`1.AsyncStateMachineBox`1.ExecuteFromThreadPool(Thread threadPoolThread)
   at System.Threading.ThreadPoolWorkQueue.Dispatch()
   at System.Threading.PortableThreadPool.WorkerThread.WorkerThreadStart()
   at System.Threading.Thread.StartCallback()
--- End of stack trace from previous location ---
   at System.Net.Http.Http2Connection.ThrowRequestAborted(Exception innerException)
   at System.Net.Http.Http2Connection.Http2Stream.TryEnsureHeaders()
   at System.Net.Http.Http2Connection.Http2Stream.ReadResponseHeadersAsync(CancellationToken cancellationToken)
   at System.Net.Http.Http2Connection.SendAsync(HttpRequestMessage request, Boolean async, CancellationToken cancellationToken)
   --- End of inner exception stack trace ---
   at System.Net.Http.Http2Connection.SendAsync(HttpRequestMessage request, Boolean async, CancellationToken cancellationToken)
   at System.Net.Http.HttpConnectionPool.SendWithVersionDetectionAndRetryAsync(HttpRequestMessage request, Boolean async, Boolean doRequestAuth, CancellationToken cancellationToken)
   at System.Net.Http.RedirectHandler.SendAsync(HttpRequestMessage request, Boolean async, CancellationToken cancellationToken)
   at System.Net.Http.SocketsHttpHandler.<SendAsync>g__CreateHandlerAndSendAsync|115_0(HttpRequestMessage request, CancellationToken cancellationToken)
   at Grpc.Net.Client.Balancer.Internal.BalancerHttpHandler.SendAsync(HttpRequestMessage request, CancellationToken cancellationToken)
   at Grpc.Net.Client.Internal.GrpcCall`2.RunCall(HttpRequestMessage request, Nullable`1 timeout)
   --- End of inner exception stack trace ---
   at Grpc.Net.Client.Internal.HttpContentClientStreamReader`2.MoveNextCore(CancellationToken cancellationToken)
   at NNGame.Server.Shared.GatewayChatClient.SubscribeScriptMessagesAsync(Func`3 deliverMessageAsync, CancellationToken cancellationToken) in H:\project\NNGame\src\Server\NNGame.Server.Shared\GatewayChatClient.cs:line 153
   at NNGame.Server.Shared.GatewayScriptMessageSubscriptionHostedService.ExecuteAsync(CancellationToken stoppingToken) in H:\project\NNGame\src\Server\NNGame.Server.Shared\ServerScriptSystemMessageBroadcaster.cs:line 252
2026-09-14 22:09:50.750 [INF] [区服:declaration-recovery-probe] [角色:网关服务] MapServer 地图 Actor 已启动。 命令队列容量=4096, Tick频率=20
2026-09-14 22:09:50.759 [INF] [区服:declaration-recovery-probe] [角色:网关服务] MapServer 内部 TCP 实时通道未启用。
2026-09-14 22:09:50.765 [INF] [区服:declaration-recovery-probe] [角色:网关服务] Gateway 实时监听已启动。 主机=127.0.0.1, 实时端口=54355
2026-09-14 22:09:50.776 [INF] [区服:declaration-recovery-probe] [角色:网关服务] Now listening on: http://127.0.0.1:54352
2026-09-14 22:09:50.776 [INF] [区服:declaration-recovery-probe] [角色:网关服务] Application started. Press Ctrl+C to shut down.
2026-09-14 22:09:50.776 [INF] [区服:declaration-recovery-probe] [角色:网关服务] Hosting environment: Production
2026-09-14 22:09:50.776 [INF] [区服:declaration-recovery-probe] [角色:网关服务] Content root path: C:\Users\31665\AppData\Local\Temp\NNGame-declaration-repair-x64-20260914\bin\NNGame.Server.Launcher\debug
2026-09-14 22:09:53.919 [INF] [区服:declaration-recovery-probe] [角色:网关服务] 脚本日志。运行时快照已替换。脚本数=74, 绑定数=65, 配置版本=0.1.0
2026-09-14 22:09:53.920 [INF] [区服:declaration-recovery-probe] [角色:网关服务] 服务端数据重载基线已建立。 区服=declaration-recovery-probe, 服务角色=Gateway, 配置文件数=244, 脚本文件数=78
2026-09-14 22:09:53.950 [INF] [区服:declaration-recovery-probe] [角色:网关服务] 背包 SQLite 表结构已初始化。 数据库路径=C:\Users\31665\AppData\Local\Temp/NNGame-declaration-startup-20260914/nngame.db
2026-09-14 22:09:53.954 [INF] [区服:declaration-recovery-probe] [角色:网关服务] 持久化物品实例模式归一化完成。 区服=declaration-recovery-probe, 更新实例数=0, 更新角色数=0
2026-09-14 22:09:53.955 [INF] [区服:declaration-recovery-probe] [角色:网关服务] Gateway TCP 业务监听已启动。 TCP主机=127.0.0.1, TCP端口=54353, TCP安全模式="LocalPlaintext"
2026-09-14 22:09:54.169 [INF] [区服:declaration-recovery-probe] [角色:网关服务] 服务端 UI 运行时预热完成。固定界面数=19, 内容布局数=14, 服务端模板数=14, 脚本引用数=3, 脚本成功数=3, 脚本失败数=0, 耗时毫秒=211.825
2026-09-14 22:09:54.169 [INF] [区服:declaration-recovery-probe] [角色:网关服务] 服务进程已启动。 区服=declaration-recovery-probe, 服务角色=Gateway, 健康端口=54352
2026-09-14 22:09:54.354 [INF] [区服:declaration-recovery-probe] [角色:网关服务] Request starting HTTP/1.1 POST http://127.0.0.1:54352/shutdown - application/x-www-form-urlencoded 0
2026-09-14 22:09:54.355 [INF] [区服:declaration-recovery-probe] [角色:网关服务] Executing endpoint 'HTTP: POST /shutdown'
2026-09-14 22:09:54.357 [INF] [区服:declaration-recovery-probe] [角色:网关服务] Writing value of type 'ServerShutdownResponse' as Json.
2026-09-14 22:09:54.359 [INF] [区服:declaration-recovery-probe] [角色:网关服务] Executed endpoint 'HTTP: POST /shutdown'
2026-09-14 22:09:54.359 [INF] [区服:declaration-recovery-probe] [角色:网关服务] Request finished HTTP/1.1 POST http://127.0.0.1:54352/shutdown - 200 null application/json; charset=utf-8 4.361ms
2026-09-14 22:09:54.457 [INF] [区服:declaration-recovery-probe] [角色:网关服务] Application is shutting down...
2026-09-14 22:09:54.570 [INF] [区服:declaration-recovery-probe] [角色:网关服务] Gateway 实时监听已停止。
2026-09-14 22:09:54.571 [INF] [区服:declaration-recovery-probe] [角色:网关服务] Gateway TCP 业务监听已停止。
2026-09-14 22:09:54.571 [INF] [区服:declaration-recovery-probe] [角色:网关服务] Gateway TCP 正在等待活动连接完成退出保存。 活动连接=0
2026-09-14 22:09:54.572 [INF] [区服:declaration-recovery-probe] [角色:网关服务] Gateway TCP 活动连接排空已完成。 等待连接=0
2026-09-14 22:09:54.593 [INF] [区服:declaration-recovery-probe] [角色:网关服务] MapServer 地图 Actor 已停止。
2026-09-14 22:09:54.597 [WRN] [区服:declaration-recovery-probe] [角色:网关服务] Chat 脚本消息订阅失败，断开期间的消息不会重放。
Grpc.Core.RpcException: Status(StatusCode="Cancelled", Detail="Call canceled by the client.", DebugException="System.OperationCanceledException: The operation was canceled.")
 ---> System.OperationCanceledException: The operation was canceled.
   --- End of inner exception stack trace ---
   at Grpc.Net.Client.Internal.HttpContentClientStreamReader`2.MoveNextCore(CancellationToken cancellationToken)
   at NNGame.Server.Shared.GatewayChatClient.SubscribeScriptMessagesAsync(Func`3 deliverMessageAsync, CancellationToken cancellationToken) in H:\project\NNGame\src\Server\NNGame.Server.Shared\GatewayChatClient.cs:line 153
   at NNGame.Server.Shared.GatewayScriptMessageSubscriptionHostedService.ExecuteAsync(CancellationToken stoppingToken) in H:\project\NNGame\src\Server\NNGame.Server.Shared\ServerScriptSystemMessageBroadcaster.cs:line 252
2026-09-14 22:09:54.598 [INF] [区服:declaration-recovery-probe] [角色:网关服务] 服务进程正在停止。
2026-09-14 22:09:54.599 [INF] [区服:declaration-recovery-probe] [角色:网关服务] 服务进程已停止。
2026-09-14 22:14:17.506 [INF] [区服:declaration-recovery-probe] [角色:网关服务] MapServer 地图 Actor 已启动。 命令队列容量=4096, Tick频率=20
2026-09-14 22:14:17.514 [INF] [区服:declaration-recovery-probe] [角色:网关服务] MapServer 内部 TCP 实时通道未启用。
2026-09-14 22:14:17.521 [INF] [区服:declaration-recovery-probe] [角色:网关服务] Gateway 实时监听已启动。 主机=127.0.0.1, 实时端口=57157
2026-09-14 22:14:17.532 [INF] [区服:declaration-recovery-probe] [角色:网关服务] Now listening on: http://127.0.0.1:57154
2026-09-14 22:14:17.532 [INF] [区服:declaration-recovery-probe] [角色:网关服务] Application started. Press Ctrl+C to shut down.
2026-09-14 22:14:17.532 [INF] [区服:declaration-recovery-probe] [角色:网关服务] Hosting environment: Production
2026-09-14 22:14:17.532 [INF] [区服:declaration-recovery-probe] [角色:网关服务] Content root path: H:\project\NNGame\src\Server\NNGame.Server.Launcher\bin\x64\Debug\net10.0-windows
2026-09-14 22:14:20.281 [INF] [区服:declaration-recovery-probe] [角色:网关服务] 脚本日志。运行时快照已替换。脚本数=74, 绑定数=65, 配置版本=0.1.0
2026-09-14 22:14:20.282 [INF] [区服:declaration-recovery-probe] [角色:网关服务] 服务端数据重载基线已建立。 区服=declaration-recovery-probe, 服务角色=Gateway, 配置文件数=244, 脚本文件数=78
2026-09-14 22:14:20.305 [INF] [区服:declaration-recovery-probe] [角色:网关服务] 背包 SQLite 表结构已初始化。 数据库路径=E:/NewGame/data/调试版本/新区服 1/nngame.db
2026-09-14 22:14:20.310 [INF] [区服:declaration-recovery-probe] [角色:网关服务] 持久化物品实例模式归一化完成。 区服=declaration-recovery-probe, 更新实例数=0, 更新角色数=0
2026-09-14 22:14:20.310 [INF] [区服:declaration-recovery-probe] [角色:网关服务] Gateway TCP 业务监听已启动。 TCP主机=127.0.0.1, TCP端口=57155, TCP安全模式="LocalPlaintext"
2026-09-14 22:14:20.484 [INF] [区服:declaration-recovery-probe] [角色:网关服务] 服务端 UI 运行时预热完成。固定界面数=19, 内容布局数=14, 服务端模板数=14, 脚本引用数=3, 脚本成功数=3, 脚本失败数=0, 耗时毫秒=169.961
2026-09-14 22:14:20.484 [INF] [区服:declaration-recovery-probe] [角色:网关服务] 服务进程已启动。 区服=declaration-recovery-probe, 服务角色=Gateway, 健康端口=57154
2026-09-14 22:14:20.598 [INF] [区服:declaration-recovery-probe] [角色:网关服务] Request starting HTTP/1.1 POST http://127.0.0.1:57154/shutdown - application/x-www-form-urlencoded 0
2026-09-14 22:14:20.598 [INF] [区服:declaration-recovery-probe] [角色:网关服务] Executing endpoint 'HTTP: POST /shutdown'
2026-09-14 22:14:20.601 [INF] [区服:declaration-recovery-probe] [角色:网关服务] Writing value of type 'ServerShutdownResponse' as Json.
2026-09-14 22:14:20.602 [INF] [区服:declaration-recovery-probe] [角色:网关服务] Executed endpoint 'HTTP: POST /shutdown'
2026-09-14 22:14:20.602 [INF] [区服:declaration-recovery-probe] [角色:网关服务] Request finished HTTP/1.1 POST http://127.0.0.1:57154/shutdown - 200 null application/json; charset=utf-8 4.3554ms
2026-09-14 22:14:20.701 [INF] [区服:declaration-recovery-probe] [角色:网关服务] Application is shutting down...
2026-09-14 22:14:20.825 [INF] [区服:declaration-recovery-probe] [角色:网关服务] Gateway 实时监听已停止。
2026-09-14 22:14:20.827 [INF] [区服:declaration-recovery-probe] [角色:网关服务] Gateway TCP 业务监听已停止。
2026-09-14 22:14:20.827 [INF] [区服:declaration-recovery-probe] [角色:网关服务] Gateway TCP 正在等待活动连接完成退出保存。 活动连接=0
2026-09-14 22:14:20.827 [INF] [区服:declaration-recovery-probe] [角色:网关服务] Gateway TCP 活动连接排空已完成。 等待连接=0
2026-09-14 22:14:20.834 [INF] [区服:declaration-recovery-probe] [角色:网关服务] MapServer 地图 Actor 已停止。
2026-09-14 22:14:20.838 [WRN] [区服:declaration-recovery-probe] [角色:网关服务] Chat 脚本消息订阅失败，断开期间的消息不会重放。
Grpc.Core.RpcException: Status(StatusCode="Cancelled", Detail="Call canceled by the client.", DebugException="System.OperationCanceledException: The operation was canceled.")
 ---> System.OperationCanceledException: The operation was canceled.
   --- End of inner exception stack trace ---
   at Grpc.Net.Client.Internal.HttpContentClientStreamReader`2.MoveNextCore(CancellationToken cancellationToken)
   at NNGame.Server.Shared.GatewayChatClient.SubscribeScriptMessagesAsync(Func`3 deliverMessageAsync, CancellationToken cancellationToken) in H:\project\NNGame\src\Server\NNGame.Server.Shared\GatewayChatClient.cs:line 153
   at NNGame.Server.Shared.GatewayScriptMessageSubscriptionHostedService.ExecuteAsync(CancellationToken stoppingToken) in H:\project\NNGame\src\Server\NNGame.Server.Shared\ServerScriptSystemMessageBroadcaster.cs:line 252
2026-09-14 22:14:20.840 [INF] [区服:declaration-recovery-probe] [角色:网关服务] 服务进程正在停止。
2026-09-14 22:14:20.840 [INF] [区服:declaration-recovery-probe] [角色:网关服务] 服务进程已停止。
